---
###
### Linkerd Namespace
###
---
kind: Namespace
apiVersion: v1
metadata:
  name: linkerd
  annotations:
    linkerd.io/inject: disabled
  labels:
    linkerd.io/is-control-plane: "true"
    config.linkerd.io/admission-webhooks: disabled
---
###
### Identity Controller Service RBAC
###
---
kind: ClusterRole
apiVersion: rbac.authorization.k8s.io/v1
metadata:
  name: linkerd-linkerd-identity
  labels:
    linkerd.io/control-plane-component: identity
    linkerd.io/control-plane-ns: linkerd
rules:
- apiGroups: ["authentication.k8s.io"]
  resources: ["tokenreviews"]
  verbs: ["create"]
- apiGroups: ["extensions"]
  resources: ["deployments"]
  verbs: ["get"]
- apiGroups: [""]
  resources: ["events"]
  verbs: ["create", "patch"]
---
kind: ClusterRoleBinding
apiVersion: rbac.authorization.k8s.io/v1
metadata:
  name: linkerd-linkerd-identity
  labels:
    linkerd.io/control-plane-component: identity
    linkerd.io/control-plane-ns: linkerd
roleRef:
  apiGroup: rbac.authorization.k8s.io
  kind: ClusterRole
  name: linkerd-linkerd-identity
subjects:
- kind: ServiceAccount
  name: linkerd-identity
  namespace: linkerd
---
kind: ServiceAccount
apiVersion: v1
metadata:
  name: linkerd-identity
  namespace: linkerd
  labels:
    linkerd.io/control-plane-component: identity
    linkerd.io/control-plane-ns: linkerd
---
###
### Controller RBAC
###
---
kind: ClusterRole
apiVersion: rbac.authorization.k8s.io/v1
metadata:
  name: linkerd-linkerd-controller
  labels:
    linkerd.io/control-plane-component: controller
    linkerd.io/control-plane-ns: linkerd
rules:
- apiGroups: ["extensions", "apps"]
  resources: ["daemonsets", "deployments", "replicasets", "statefulsets"]
  verbs: ["list", "get", "watch"]
- apiGroups: ["extensions", "batch"]
  resources: ["jobs"]
  verbs: ["list" , "get", "watch"]
- apiGroups: [""]
  resources: ["pods", "endpoints", "services", "replicationcontrollers", "namespaces"]
  verbs: ["list", "get", "watch"]
- apiGroups: ["linkerd.io"]
  resources: ["serviceprofiles"]
  verbs: ["list", "get", "watch"]
- apiGroups: ["split.smi-spec.io"]
  resources: ["trafficsplits"]
  verbs: ["list", "get", "watch"]
---
kind: ClusterRoleBinding
apiVersion: rbac.authorization.k8s.io/v1
metadata:
  name: linkerd-linkerd-controller
  labels:
    linkerd.io/control-plane-component: controller
    linkerd.io/control-plane-ns: linkerd
roleRef:
  apiGroup: rbac.authorization.k8s.io
  kind: ClusterRole
  name: linkerd-linkerd-controller
subjects:
- kind: ServiceAccount
  name: linkerd-controller
  namespace: linkerd
---
kind: ServiceAccount
apiVersion: v1
metadata:
  name: linkerd-controller
  namespace: linkerd
  labels:
    linkerd.io/control-plane-component: controller
    linkerd.io/control-plane-ns: linkerd
---
###
### Destination Controller Service
###
---
kind: ClusterRole
apiVersion: rbac.authorization.k8s.io/v1
metadata:
  name: linkerd-linkerd-destination
  labels:
    linkerd.io/control-plane-component: destination
    linkerd.io/control-plane-ns: linkerd
rules:
- apiGroups: ["apps"]
  resources: ["replicasets"]
  verbs: ["list", "get", "watch"]
- apiGroups: [""]
  resources: ["pods", "endpoints", "services"]
  verbs: ["list", "get", "watch"]
- apiGroups: ["linkerd.io"]
  resources: ["serviceprofiles"]
  verbs: ["list", "get", "watch"]
- apiGroups: ["split.smi-spec.io"]
  resources: ["trafficsplits"]
  verbs: ["list", "get", "watch"]
---
kind: ClusterRoleBinding
apiVersion: rbac.authorization.k8s.io/v1
metadata:
  name: linkerd-linkerd-destination
  labels:
    linkerd.io/control-plane-component: destination
    linkerd.io/control-plane-ns: linkerd
roleRef:
  apiGroup: rbac.authorization.k8s.io
  kind: ClusterRole
  name: linkerd-linkerd-destination
subjects:
- kind: ServiceAccount
  name: linkerd-destination
  namespace: linkerd
---
kind: ServiceAccount
apiVersion: v1
metadata:
  name: linkerd-destination
  namespace: linkerd
  labels:
    linkerd.io/control-plane-component: destination
    linkerd.io/control-plane-ns: linkerd
---
###
### Heartbeat RBAC
###
---
apiVersion: rbac.authorization.k8s.io/v1
kind: Role
metadata:
  name: linkerd-heartbeat
  namespace: linkerd
  labels:
    linkerd.io/control-plane-ns: linkerd
rules:
- apiGroups: [""]
  resources: ["configmaps"]
  verbs: ["get"]
  resourceNames: ["linkerd-config"]
---
apiVersion: rbac.authorization.k8s.io/v1
kind: RoleBinding
metadata:
  name: linkerd-heartbeat
  namespace: linkerd
  labels:
    linkerd.io/control-plane-ns: linkerd
roleRef:
  kind: Role
  name: linkerd-heartbeat
  apiGroup: rbac.authorization.k8s.io
subjects:
- kind: ServiceAccount
  name: linkerd-heartbeat
  namespace: linkerd
---
kind: ServiceAccount
apiVersion: v1
metadata:
  name: linkerd-heartbeat
  namespace: linkerd
  labels:
    linkerd.io/control-plane-component: heartbeat
    linkerd.io/control-plane-ns: linkerd
---
###
### Web RBAC
###
---
kind: ClusterRoleBinding
apiVersion: rbac.authorization.k8s.io/v1
metadata:
  name: linkerd-linkerd-web-admin
  labels:
    linkerd.io/control-plane-component: web
    linkerd.io/control-plane-ns: linkerd
roleRef:
  apiGroup: rbac.authorization.k8s.io
  kind: ClusterRole
  name: linkerd-linkerd-tap-admin
subjects:
- kind: ServiceAccount
  name: linkerd-web
  namespace: linkerd
---
kind: ServiceAccount
apiVersion: v1
metadata:
  name: linkerd-web
  namespace: linkerd
  labels:
    linkerd.io/control-plane-component: web
    linkerd.io/control-plane-ns: linkerd
---
###
### Service Profile CRD
###
---
apiVersion: apiextensions.k8s.io/v1beta1
kind: CustomResourceDefinition
metadata:
  name: serviceprofiles.linkerd.io
  annotations:
    linkerd.io/created-by: linkerd/cli dev-undefined
  labels:
    linkerd.io/control-plane-ns: linkerd
spec:
  group: linkerd.io
  versions:
  - name: v1alpha1
    served: true
    storage: false
  - name: v1alpha2
    served: true
    storage: true
  scope: Namespaced
  names:
    plural: serviceprofiles
    singular: serviceprofile
    kind: ServiceProfile
    shortNames:
    - sp
---
###
### TrafficSplit CRD
### Copied from https://github.com/deislabs/smi-sdk-go/blob/cea7e1e9372304bbb6c74a3f6ca788d9eaa9cc58/crds/split.yaml
###
---
apiVersion: apiextensions.k8s.io/v1beta1
kind: CustomResourceDefinition
metadata:
  name: trafficsplits.split.smi-spec.io
  annotations:
    linkerd.io/created-by: linkerd/cli dev-undefined
  labels:
    linkerd.io/control-plane-ns: linkerd
spec:
  group: split.smi-spec.io
  version: v1alpha1
  scope: Namespaced
  names:
    kind: TrafficSplit
    shortNames:
      - ts
    plural: trafficsplits
    singular: trafficsplit
  additionalPrinterColumns:
  - name: Service
    type: string
    description: The apex service of this split.
    JSONPath: .spec.service
---
###
### Prometheus RBAC
###
---
kind: ClusterRole
apiVersion: rbac.authorization.k8s.io/v1
metadata:
  name: linkerd-linkerd-prometheus
  labels:
    linkerd.io/control-plane-component: prometheus
    linkerd.io/control-plane-ns: linkerd
rules:
- apiGroups: [""]
  resources: ["nodes", "nodes/proxy", "pods"]
  verbs: ["get", "list", "watch"]
---
kind: ClusterRoleBinding
apiVersion: rbac.authorization.k8s.io/v1
metadata:
  name: linkerd-linkerd-prometheus
  labels:
    linkerd.io/control-plane-component: prometheus
    linkerd.io/control-plane-ns: linkerd
roleRef:
  apiGroup: rbac.authorization.k8s.io
  kind: ClusterRole
  name: linkerd-linkerd-prometheus
subjects:
- kind: ServiceAccount
  name: linkerd-prometheus
  namespace: linkerd
---
kind: ServiceAccount
apiVersion: v1
metadata:
  name: linkerd-prometheus
  namespace: linkerd
  labels:
    linkerd.io/control-plane-component: prometheus
    linkerd.io/control-plane-ns: linkerd
---
###
### Grafana RBAC
###
---
kind: ServiceAccount
apiVersion: v1
metadata:
  name: linkerd-grafana
  namespace: linkerd
  labels:
    linkerd.io/control-plane-component: grafana
    linkerd.io/control-plane-ns: linkerd
---
###
### Proxy Injector RBAC
###
---
kind: ClusterRole
apiVersion: rbac.authorization.k8s.io/v1
metadata:
  name: linkerd-linkerd-proxy-injector
  labels:
    linkerd.io/control-plane-component: proxy-injector
    linkerd.io/control-plane-ns: linkerd
rules:
- apiGroups: [""]
  resources: ["events"]
  verbs: ["create", "patch"]
- apiGroups: [""]
  resources: ["namespaces", "replicationcontrollers"]
  verbs: ["list", "get", "watch"]
- apiGroups: [""]
  resources: ["pods"]
  verbs: ["list", "watch"]
- apiGroups: ["extensions", "apps"]
  resources: ["deployments", "replicasets", "daemonsets", "statefulsets"]
  verbs: ["list", "get", "watch"]
- apiGroups: ["extensions", "batch"]
  resources: ["jobs"]
  verbs: ["list", "get", "watch"]
---
kind: ClusterRoleBinding
apiVersion: rbac.authorization.k8s.io/v1
metadata:
  name: linkerd-linkerd-proxy-injector
  labels:
    linkerd.io/control-plane-component: proxy-injector
    linkerd.io/control-plane-ns: linkerd
subjects:
- kind: ServiceAccount
  name: linkerd-proxy-injector
  namespace: linkerd
  apiGroup: ""
roleRef:
  kind: ClusterRole
  name: linkerd-linkerd-proxy-injector
  apiGroup: rbac.authorization.k8s.io
---
kind: ServiceAccount
apiVersion: v1
metadata:
  name: linkerd-proxy-injector
  namespace: linkerd
  labels:
    linkerd.io/control-plane-component: proxy-injector
    linkerd.io/control-plane-ns: linkerd
---
kind: Secret
apiVersion: v1
metadata:
  name: linkerd-proxy-injector-tls
  namespace: linkerd
  labels:
    linkerd.io/control-plane-component: proxy-injector
    linkerd.io/control-plane-ns: linkerd
  annotations:
    linkerd.io/created-by: linkerd/cli dev-undefined
type: Opaque
data:
  crt.pem: LS0tLS1CRUdJTiBDRVJUSUZJQ0FURS0tLS0tCk1JSURKakNDQWc2Z0F3SUJBZ0lRVjFrSXJhRG1sdzNTVzY5UXNRWjNQREFOQmdrcWhraUc5dzBCQVFzRkFEQXQKTVNzd0tRWURWUVFERXlKc2FXNXJaWEprTFhCeWIzaDVMV2x1YW1WamRHOXlMbXhwYm10bGNtUXVjM1pqTUI0WApEVEU1TURnd056SXhNelkwTUZvWERUSXdNRGd3TmpJeE16WTBNRm93TFRFck1Da0dBMVVFQXhNaWJHbHVhMlZ5ClpDMXdjbTk0ZVMxcGJtcGxZM1J2Y2k1c2FXNXJaWEprTG5OMll6Q0NBU0l3RFFZSktvWklodmNOQVFFQkJRQUQKZ2dFUEFEQ0NBUW9DZ2dFQkFOek5iMmd0VVU2SmsxVDV4Smx3dTNlSmViSml4T01Vc3QyMzVkSWJXU1F2OUlNagpXRTR1Z3dlbk1ZSDh5V1ppV1F5NCsya0h3c1JkdWNxM3lqZUIrMmFsUll6enBLcFUvdHVxVi9XT2U3VVpxcGRaCkNsNTUzNXlmUzMzNndadjFrWlRlU3g1dHc0d3YwaU9vVG9jVGlsSm1tOGVsWDJUN0toajJVam5oSDNWUXFxbjEKcERRUGIvalRMOVcySlZYL2luOXdvTEptc294aFNkR2MxTDRsVnlvWEFOSVdSWENwQVYzVlo5MXV6SHFqaWYyZgpyWnBaRTQ0QWtaM1hWRnVlaldtcTZURWxHL1M1YnBkaExDcy8zWE41T1lZUXVYbXlTdHEyb055ZzFUOEx6RmxECmJ6eXZBSldmSXV6d3hZa051NTljbkhaUjBRY2liUDF5NTQ0QlV2c0NBd0VBQWFOQ01FQXdEZ1lEVlIwUEFRSC8KQkFRREFnS2tNQjBHQTFVZEpRUVdNQlFHQ0NzR0FRVUZCd01CQmdnckJnRUZCUWNEQWpBUEJnTlZIUk1CQWY4RQpCVEFEQVFIL01BMEdDU3FHU0liM0RRRUJDd1VBQTRJQkFRQjBNZERONWRuaUgxYS96UGI5QWFBT2JqaFBEUC9FCngreVlRU3VDYXpyeFZCUlpPeGdpUkUyN1JjZ05BRGZmOVRkRU9ER1BrUVY4aTRnVVVOdi9VanljODYxdW55SG0KR3FacEp0OFROZ0pWN2VHR00wUWlrNkFYZTdLT1N0aFdzVVZDSHlGMUFyam01U2dRUHRsREttVGk1bDBCZ1pyKwpBblVzOVllNHhUSFFFYSswSFN3NXNjdnFsVDhYS0ZCanoza2hJbHFVd3IvSy9seVZITDcwQTMyUi9UODh5Z1YzClQ4MitwS1R5T3lZU1IrZG1ZUWdxcW00ajVhVVp5aURPZVFHR1kycEZNQnJMY0tGZjFqcmJHWXlVQVNrdlh6NXoKaHZIOUtJWXFOckdhMDloTFBjb00rMW9CNHNnY2RKdFpCV2pCRWdiTHdwWEJJdUVFVXY5cno0dDAKLS0tLS1FTkQgQ0VSVElGSUNBVEUtLS0tLQ==
  key.pem: LS0tLS1CRUdJTiBSU0EgUFJJVkFURSBLRVktLS0tLQpNSUlFcEFJQkFBS0NBUUVBM00xdmFDMVJUb21UVlBuRW1YQzdkNGw1c21MRTR4U3kzYmZsMGh0WkpDLzBneU5ZClRpNkRCNmN4Z2Z6SlptSlpETGo3YVFmQ3hGMjV5cmZLTjRIN1pxVkZqUE9rcWxUKzI2cFg5WTU3dFJtcWwxa0sKWG5uZm5KOUxmZnJCbS9XUmxONUxIbTNEakMvU0k2aE9oeE9LVW1hYng2VmZaUHNxR1BaU09lRWZkVkNxcWZXawpOQTl2K05NdjFiWWxWZitLZjNDZ3NtYXlqR0ZKMFp6VXZpVlhLaGNBMGhaRmNLa0JYZFZuM1c3TWVxT0ovWit0Cm1sa1RqZ0NSbmRkVVc1Nk5hYXJwTVNVYjlMbHVsMkVzS3ovZGMzazVoaEM1ZWJKSzJyYWczS0RWUHd2TVdVTnYKUEs4QWxaOGk3UERGaVEyN24xeWNkbEhSQnlKcy9YTG5qZ0ZTK3dJREFRQUJBb0lCQVFDd1BGVEFyUE1wb1l0MApGc3VCd1VZUU9pMWxZWXBPeVpXZWZJcTJNZGZybDA4dFlJZTZGMHZFVHdHb0EvRm9nL1VadjRnRHBBc2tHcjhSCmU3S3VyVlBROFBkYmNwaXF6NTZBREMyYXRIZ3U2MmFLMktuN0VJR1hqRm1BR3ladmFna2g3bSs4d05XRXppS0gKRFc1b1NBTnVrN0doSDNETnM5ODgvMVpRRmt5Nm9BVThzWEhaTEpsNGJoV05UU3FSS0VnT3pIRDRwYWRITzUrMwp3cFVHamg1VklaS1BlMzRqYmMwTVZDOUwwNjhJY3Fibmp6d3g3NnYrQnh6MXFyRFNNMDR2TytGWUZUTVVmWEtyClBZRU5qMEN6UEhUanlwT2FBdFNwZFJTY2x1YzVGMTVmcXpKRnE5dVVLM2VpWFY3amNjTW1Sb0l0bkxMS3Z5VkgKVWJOZ1pnZmhBb0dCQVBpOU40MjRwK1ZxWnJRRTZ3K21kTTh2S2JIb0NPWUNlVDZrYXExMzhLVFJ2Z0MzZGJQNgpRcFpSNXlYNlhQeW1YMnNkZkxQTDk2NE1DeGJlS1ovWmw5UC9zRkxhRDVOc0RXMXZ2djJkYXBhQ1d0U0hwNHFFClJIN2tWWTZmcHZUYmZWN2FWL1JQZlhGbWVrbEJZd05pNTNkNFRYZEhJWC9ONHM0aFgwVzNtMk1yQW9HQkFPTS8KYzk0anJDbGtESUN4YWhUYlp4UHdST1hqVEZvdEpxaGRhandZOXcxdEVIelNnNUY1QVFSaWR4WGxFa0lENVdCRApYeG1JZWF2TDgyRkpUeWFXWlBzUnRkOXNJV3BIM084VDh2TnZLN1Z0SXY2RzZYSy9XUjhHMjhodTl6bVNlMk5HCjVUN2FkL0dMSlZ3Mm9GcTEzNGFIbHdvY00xMUFPa2YwYU9SWGJTZHhBb0dCQU0vT1JQdEJxZ01nUVcxa0xuMkUKczFIa05SRk1xU0tBTG9zSEVaaWErNUMzS2VXdlg4WmM3Z1JucUpVeDlUMmVRVmxiNlRMTTFMK3prQkFxeXR1aApEaGN2SmtBUnJiR2NOQnVab0JhQnpPcXhQUEVSNUFiMU9jUkpQckZJOEZMZ2pIMFNMU2tPdjk1ZG53eFVkRVAvCi9TRHlnTVdGeDViZWl2MXJKQTA2dDdiQkFvR0FVSkg2dnRQZkFuM2FnUFptS2lid0VQMnJMK2E2OTIzeXV0Y0UKQjNMQ2hSd2FNR2RqQm56a2cyMTEwMmw0WTdlRjUrOTdGRTV5OVJwR25FT2xzSVM2SU5wU3BYaHRFSVdTSzZIagpEYlJveHRaL0JjZEhsY3VLQ1pvZzZwdU5RL2hQanc5ZjBEMGRNYUtvQ0YzRjFPT084Tis2Q1hlZUxuM0xMQi9YCjRMMnVrY0VDZ1lCeWxEY2haSHR3YjlxYWFoeVhiQUI2WHAvMTdLUEtZOFltbDBqN0cydm1VMXJUZDdTREhHek4Kc1B5LzErY3FraWkrVVQxc2I0d1RQaW9wTXZxa3hsY05tdzM4L2NRL05ET3JENlEvN1NJN0I3TkNod1BLNFBhWgpCVEo1MW84RktSRTczcDhVYkdDUlNtdjVzYk5aTUMyWlRBaVNWa0MzUHU4QmxGN1VoM3RCeEE9PQotLS0tLUVORCBSU0EgUFJJVkFURSBLRVktLS0tLQ==
---
apiVersion: admissionregistration.k8s.io/v1beta1
kind: MutatingWebhookConfiguration
metadata:
  name: linkerd-proxy-injector-webhook-config
  labels:
    linkerd.io/control-plane-component: proxy-injector
    linkerd.io/control-plane-ns: linkerd
webhooks:
- name: linkerd-proxy-injector.linkerd.io
  namespaceSelector:
    matchExpressions:
    - key: config.linkerd.io/admission-webhooks
      operator: NotIn
      values:
      - disabled
  clientConfig:
    service:
      name: linkerd-proxy-injector
      namespace: linkerd
      path: "/"
    caBundle: LS0tLS1CRUdJTiBDRVJUSUZJQ0FURS0tLS0tCk1JSURKakNDQWc2Z0F3SUJBZ0lRVjFrSXJhRG1sdzNTVzY5UXNRWjNQREFOQmdrcWhraUc5dzBCQVFzRkFEQXQKTVNzd0tRWURWUVFERXlKc2FXNXJaWEprTFhCeWIzaDVMV2x1YW1WamRHOXlMbXhwYm10bGNtUXVjM1pqTUI0WApEVEU1TURnd056SXhNelkwTUZvWERUSXdNRGd3TmpJeE16WTBNRm93TFRFck1Da0dBMVVFQXhNaWJHbHVhMlZ5ClpDMXdjbTk0ZVMxcGJtcGxZM1J2Y2k1c2FXNXJaWEprTG5OMll6Q0NBU0l3RFFZSktvWklodmNOQVFFQkJRQUQKZ2dFUEFEQ0NBUW9DZ2dFQkFOek5iMmd0VVU2SmsxVDV4Smx3dTNlSmViSml4T01Vc3QyMzVkSWJXU1F2OUlNagpXRTR1Z3dlbk1ZSDh5V1ppV1F5NCsya0h3c1JkdWNxM3lqZUIrMmFsUll6enBLcFUvdHVxVi9XT2U3VVpxcGRaCkNsNTUzNXlmUzMzNndadjFrWlRlU3g1dHc0d3YwaU9vVG9jVGlsSm1tOGVsWDJUN0toajJVam5oSDNWUXFxbjEKcERRUGIvalRMOVcySlZYL2luOXdvTEptc294aFNkR2MxTDRsVnlvWEFOSVdSWENwQVYzVlo5MXV6SHFqaWYyZgpyWnBaRTQ0QWtaM1hWRnVlaldtcTZURWxHL1M1YnBkaExDcy8zWE41T1lZUXVYbXlTdHEyb055ZzFUOEx6RmxECmJ6eXZBSldmSXV6d3hZa051NTljbkhaUjBRY2liUDF5NTQ0QlV2c0NBd0VBQWFOQ01FQXdEZ1lEVlIwUEFRSC8KQkFRREFnS2tNQjBHQTFVZEpRUVdNQlFHQ0NzR0FRVUZCd01CQmdnckJnRUZCUWNEQWpBUEJnTlZIUk1CQWY4RQpCVEFEQVFIL01BMEdDU3FHU0liM0RRRUJDd1VBQTRJQkFRQjBNZERONWRuaUgxYS96UGI5QWFBT2JqaFBEUC9FCngreVlRU3VDYXpyeFZCUlpPeGdpUkUyN1JjZ05BRGZmOVRkRU9ER1BrUVY4aTRnVVVOdi9VanljODYxdW55SG0KR3FacEp0OFROZ0pWN2VHR00wUWlrNkFYZTdLT1N0aFdzVVZDSHlGMUFyam01U2dRUHRsREttVGk1bDBCZ1pyKwpBblVzOVllNHhUSFFFYSswSFN3NXNjdnFsVDhYS0ZCanoza2hJbHFVd3IvSy9seVZITDcwQTMyUi9UODh5Z1YzClQ4MitwS1R5T3lZU1IrZG1ZUWdxcW00ajVhVVp5aURPZVFHR1kycEZNQnJMY0tGZjFqcmJHWXlVQVNrdlh6NXoKaHZIOUtJWXFOckdhMDloTFBjb00rMW9CNHNnY2RKdFpCV2pCRWdiTHdwWEJJdUVFVXY5cno0dDAKLS0tLS1FTkQgQ0VSVElGSUNBVEUtLS0tLQ==
  failurePolicy: Fail
  rules:
  - operations: [ "CREATE" ]
    apiGroups: [""]
    apiVersions: ["v1"]
    resources: ["pods"]
  sideEffects: None
---
###
### Service Profile Validator RBAC
###
---
kind: ClusterRole
apiVersion: rbac.authorization.k8s.io/v1
metadata:
  name: linkerd-linkerd-sp-validator
  labels:
    linkerd.io/control-plane-component: sp-validator
    linkerd.io/control-plane-ns: linkerd
rules:
- apiGroups: [""]
  resources: ["pods"]
  verbs: ["list"]
---
kind: ClusterRoleBinding
apiVersion: rbac.authorization.k8s.io/v1
metadata:
  name: linkerd-linkerd-sp-validator
  labels:
    linkerd.io/control-plane-component: sp-validator
    linkerd.io/control-plane-ns: linkerd
subjects:
- kind: ServiceAccount
  name: linkerd-sp-validator
  namespace: linkerd
  apiGroup: ""
roleRef:
  kind: ClusterRole
  name: linkerd-linkerd-sp-validator
  apiGroup: rbac.authorization.k8s.io
---
kind: ServiceAccount
apiVersion: v1
metadata:
  name: linkerd-sp-validator
  namespace: linkerd
  labels:
    linkerd.io/control-plane-component: sp-validator
    linkerd.io/control-plane-ns: linkerd
---
kind: Secret
apiVersion: v1
metadata:
  name: linkerd-sp-validator-tls
  namespace: linkerd
  labels:
    linkerd.io/control-plane-component: sp-validator
    linkerd.io/control-plane-ns: linkerd
  annotations:
    linkerd.io/created-by: linkerd/cli dev-undefined
type: Opaque
data:
  crt.pem: LS0tLS1CRUdJTiBDRVJUSUZJQ0FURS0tLS0tCk1JSURJakNDQWdxZ0F3SUJBZ0lRQkhsRWhOb3Y0Z1hHT0EzbGFOamErekFOQmdrcWhraUc5dzBCQVFzRkFEQXIKTVNrd0p3WURWUVFERXlCc2FXNXJaWEprTFhOd0xYWmhiR2xrWVhSdmNpNXNhVzVyWlhKa0xuTjJZekFlRncweApPVEE0TURjeU1UTTJOREJhRncweU1EQTRNRFl5TVRNMk5EQmFNQ3N4S1RBbkJnTlZCQU1USUd4cGJtdGxjbVF0CmMzQXRkbUZzYVdSaGRHOXlMbXhwYm10bGNtUXVjM1pqTUlJQklqQU5CZ2txaGtpRzl3MEJBUUVGQUFPQ0FROEEKTUlJQkNnS0NBUUVBdklFVW5YdlBkSDFra2lJM2JPc01wQ0Zpb3FoN0dCK1ZtSmE5Q2RoNEQ3bWhiMWhoMUNYdgpNblZtQVduUE9UYWRvUHRZNFNZZU9pUDBURVQ1enZ1MUlEUzVyZFhUcDlZaHZHWDRMM1NhVk5XdnlsbzNXT1FmCk5sSXZPWFU4bHZHaDAyeE9TK3RZeklSMVh0dmFhOUV6K1QyN0p4ei9meHhnK2tHRmRES3BBK0tQeitvZHRKL1YKYTYvc2N6UWhaczhtTWt3L0Y3MzJxS1JtWG83bm9pTjhYRjAxSFBiT1pVdFpGZjJ6L2hGMHhKaEVMNlRNWTNlNwpZNnZ4UFoyMGVobTR5cUk1Q2RqcWN1WFNwL0xhbFNJOTBsb0ZMMU5SZFRuREgzZ1BNUWM3VE9KenIzQUI0bmxjCmJIU0ZsNkFvN2J1U3EvOTJ4MmdwMjRRT2w0UURkdlVZaVFJREFRQUJvMEl3UURBT0JnTlZIUThCQWY4RUJBTUMKQXFRd0hRWURWUjBsQkJZd0ZBWUlLd1lCQlFVSEF3RUdDQ3NHQVFVRkJ3TUNNQThHQTFVZEV3RUIvd1FGTUFNQgpBZjh3RFFZSktvWklodmNOQVFFTEJRQURnZ0VCQUtJQUc5T2E4SndtSzBUaGVtc2RxdjhvdkhZUk5XTHBWOVBhCkJNejJhQklFQVlvMURxQmFaQWFkdWZKa0k1bmFoTC81K2NaQXp3M2s4RmpYN2plT1ErYmlPaS9TNlU4K0FNZEUKZnZvdVR5N05Kb0xXM1NUclhCcjJnYzY3RUtLQ2JGQmsxYzM3b21KSUhhZU15aWNkRHY0SHRYTExDcUtrYk54aAo0NGQ2YUpzL3lNZm9kZGFhZFN0L1RwMGZtaHNPMTR5OUp3RDFWL2s1M3ppUmxDcXNYVUtBK05vejhqRC8wVkI5CnFyd0dpWGk4S1ZsZS9LYjFDZktOM1VhczdBRHlxbVVEUGNKY2tQMGM5QnBRQzlLYTJqZHhzb0hvWi8vSG5SVGYKalc2dExlcjN1UHZpek5qM2swcWt2SVAydVVJNDg0MkJjQmUrbVB1NlJoeVozdWt4elNVPQotLS0tLUVORCBDRVJUSUZJQ0FURS0tLS0t
  key.pem: LS0tLS1CRUdJTiBSU0EgUFJJVkFURSBLRVktLS0tLQpNSUlFcEFJQkFBS0NBUUVBdklFVW5YdlBkSDFra2lJM2JPc01wQ0Zpb3FoN0dCK1ZtSmE5Q2RoNEQ3bWhiMWhoCjFDWHZNblZtQVduUE9UYWRvUHRZNFNZZU9pUDBURVQ1enZ1MUlEUzVyZFhUcDlZaHZHWDRMM1NhVk5XdnlsbzMKV09RZk5sSXZPWFU4bHZHaDAyeE9TK3RZeklSMVh0dmFhOUV6K1QyN0p4ei9meHhnK2tHRmRES3BBK0tQeitvZAp0Si9WYTYvc2N6UWhaczhtTWt3L0Y3MzJxS1JtWG83bm9pTjhYRjAxSFBiT1pVdFpGZjJ6L2hGMHhKaEVMNlRNClkzZTdZNnZ4UFoyMGVobTR5cUk1Q2RqcWN1WFNwL0xhbFNJOTBsb0ZMMU5SZFRuREgzZ1BNUWM3VE9KenIzQUIKNG5sY2JIU0ZsNkFvN2J1U3EvOTJ4MmdwMjRRT2w0UURkdlVZaVFJREFRQUJBb0lCQVFDU1hGTHFXQWhpdFQyUwpMVmtGaTVjY0ZRUGxzWlVwek5RMVRzem1TUm9uYzRWQjA4alpsTDZkV2dQaWt3b2ZyU1ZFcWdOL2hUNHcvRnVoCm9HaXA2a3ZlL3JFd3BQYWF1U3NtZ2JIcS9za1psM1RQVTY3bnFQQUhHRmFzY1RlakoyZnpwWU5CZFRGVVVvQmoKTDZidTBkZGQ3UzFVR0RMVXVlOGVRQ05qYmpaRzJadnhiclhHQ1hTcjZtankvUTI2UkhrM0JSZXZ6UlFEMXIzbgpsSUxGdm9ueHNoTnVvU2xGVmJlTXNoN0JQQlBkbmR0MGNwZDRLcW5oQ0NCZVk0YUlsNmQ2eVJ1K1h4akhmRWRUCjlFTXhjYjJidEIzWHUrNTBtSWJsd1NEK2ZkVkFJUmFYeFRNMlc2dys4ZEZNSjFidXBRbTRLKy9KMC9UMko5b0sKRWpzdno5WVZBb0dCQU9td2t0NXpMVW5GVkNCR1p1aWJhTGRhcUFncy9pNldDcnJzL2xKd0VMb0grWDA4ZFkyWApIMS95ay8xVzZlbFFWVUEwOWg0dEZXSm1JM3BiT0c4d25iVU53MGVIZmlodkU2N0QvdlpXTi83b2FOUDZrdXdhCmNoTWRvaE5JNmhpSXd0cGo2L3JrVEIvTENtaXFWUHlEWXc2U0tiKzh5TktMZE1VdkFDZUpCRXVqQW9HQkFNNkEKS2NsUHNGeStrUzZDQzh4YkUvMER1eTZxc1BPQ3BBdDVDZWNGMHhHZHhBOXp4ZUdBWkxBTk5vZ0dPRjRrVTQxSwo0V20rRFoyNFFIV2FtWEp4dkhOZlZSdVVwSkR6UFJHcGdWSXJJNEMwMWprN0xxYy9VNEtpK2lYVGxWZDE0cWtJClVzalJTOUVrSU4yN3VIQzRnYnpoRW9PbXlOS0Q0U1JTQ2xyellrM2pBb0dBZUV0MHp4M3JDamFSLzZzOS9pOUIKMEdEU2JxTDZsWENYUlhJSjJOWG5SbHdraWRzOWlBMXJFVEVHRFR0WVhjb0VtSENxNFEzRUhFc0hxRXljMkYvbQpUdlV1dVB0K2JjSUFGODY4eUlISmdXYVJ6ODBGSkpUWWRBNmxCOWhZNlJnOWRiNUtFM1RCMnZ2aDk4NzJ3S1hCCnNCWjlkejN2QXJMWEFVb1lna0Y5L0pFQ2dZQmRObzhtTnhtR0UrT1hHYzdYbFRsRm1ieVJ5UzBORHFpY0lTdnUKSTd2dUZNZ2VyWVRpVU1HaWtxUk43SGpmVGdpRkhBcjZYM2JuL2ZiaTMwRnEzcHBSZmZQOStpLzYya0Z6eW83OApsMHAwVzZ6anNxcFJobzFjeDlLZzVveGdLVytDRzZhNnpYY3ExZU1jRkJPaWxqYkNHdHJ2b0liQU9CV1YvbzU4CkZhY0hQd0tCZ1FERS9nb2sxZ3VEaGVXUmJEaTdpNVVqd0ZqcnRJZ1hVbTA5N29yOW5Mb2dibFdIK0EyWmgvaG8KQ0hmekdLMUtnZytTd1I2YlRhZ29wRGVCMkRnNTk2ODFwTTQ4ZjVYbzV6NkJUejhFMVFPREpIRlkyNlNJNTlIRwpwZFlWMno5QmdxaDZKQWprZWhQWDlYMWFCcTRrVkpCQzg5MDBOUk1pbG1EdlBISjNhU1EyT0E9PQotLS0tLUVORCBSU0EgUFJJVkFURSBLRVktLS0tLQ==
---
apiVersion: admissionregistration.k8s.io/v1beta1
kind: ValidatingWebhookConfiguration
metadata:
  name: linkerd-sp-validator-webhook-config
  labels:
    linkerd.io/control-plane-component: sp-validator
    linkerd.io/control-plane-ns: linkerd
webhooks:
- name: linkerd-sp-validator.linkerd.io
  namespaceSelector:
    matchExpressions:
    - key: config.linkerd.io/admission-webhooks
      operator: NotIn
      values:
      - disabled
  clientConfig:
    service:
      name: linkerd-sp-validator
      namespace: linkerd
      path: "/"
    caBundle: LS0tLS1CRUdJTiBDRVJUSUZJQ0FURS0tLS0tCk1JSURJakNDQWdxZ0F3SUJBZ0lRQkhsRWhOb3Y0Z1hHT0EzbGFOamErekFOQmdrcWhraUc5dzBCQVFzRkFEQXIKTVNrd0p3WURWUVFERXlCc2FXNXJaWEprTFhOd0xYWmhiR2xrWVhSdmNpNXNhVzVyWlhKa0xuTjJZekFlRncweApPVEE0TURjeU1UTTJOREJhRncweU1EQTRNRFl5TVRNMk5EQmFNQ3N4S1RBbkJnTlZCQU1USUd4cGJtdGxjbVF0CmMzQXRkbUZzYVdSaGRHOXlMbXhwYm10bGNtUXVjM1pqTUlJQklqQU5CZ2txaGtpRzl3MEJBUUVGQUFPQ0FROEEKTUlJQkNnS0NBUUVBdklFVW5YdlBkSDFra2lJM2JPc01wQ0Zpb3FoN0dCK1ZtSmE5Q2RoNEQ3bWhiMWhoMUNYdgpNblZtQVduUE9UYWRvUHRZNFNZZU9pUDBURVQ1enZ1MUlEUzVyZFhUcDlZaHZHWDRMM1NhVk5XdnlsbzNXT1FmCk5sSXZPWFU4bHZHaDAyeE9TK3RZeklSMVh0dmFhOUV6K1QyN0p4ei9meHhnK2tHRmRES3BBK0tQeitvZHRKL1YKYTYvc2N6UWhaczhtTWt3L0Y3MzJxS1JtWG83bm9pTjhYRjAxSFBiT1pVdFpGZjJ6L2hGMHhKaEVMNlRNWTNlNwpZNnZ4UFoyMGVobTR5cUk1Q2RqcWN1WFNwL0xhbFNJOTBsb0ZMMU5SZFRuREgzZ1BNUWM3VE9KenIzQUI0bmxjCmJIU0ZsNkFvN2J1U3EvOTJ4MmdwMjRRT2w0UURkdlVZaVFJREFRQUJvMEl3UURBT0JnTlZIUThCQWY4RUJBTUMKQXFRd0hRWURWUjBsQkJZd0ZBWUlLd1lCQlFVSEF3RUdDQ3NHQVFVRkJ3TUNNQThHQTFVZEV3RUIvd1FGTUFNQgpBZjh3RFFZSktvWklodmNOQVFFTEJRQURnZ0VCQUtJQUc5T2E4SndtSzBUaGVtc2RxdjhvdkhZUk5XTHBWOVBhCkJNejJhQklFQVlvMURxQmFaQWFkdWZKa0k1bmFoTC81K2NaQXp3M2s4RmpYN2plT1ErYmlPaS9TNlU4K0FNZEUKZnZvdVR5N05Kb0xXM1NUclhCcjJnYzY3RUtLQ2JGQmsxYzM3b21KSUhhZU15aWNkRHY0SHRYTExDcUtrYk54aAo0NGQ2YUpzL3lNZm9kZGFhZFN0L1RwMGZtaHNPMTR5OUp3RDFWL2s1M3ppUmxDcXNYVUtBK05vejhqRC8wVkI5CnFyd0dpWGk4S1ZsZS9LYjFDZktOM1VhczdBRHlxbVVEUGNKY2tQMGM5QnBRQzlLYTJqZHhzb0hvWi8vSG5SVGYKalc2dExlcjN1UHZpek5qM2swcWt2SVAydVVJNDg0MkJjQmUrbVB1NlJoeVozdWt4elNVPQotLS0tLUVORCBDRVJUSUZJQ0FURS0tLS0t
  failurePolicy: Fail
  rules:
  - operations: [ "CREATE" , "UPDATE" ]
    apiGroups: ["linkerd.io"]
    apiVersions: ["v1alpha1", "v1alpha2"]
    resources: ["serviceprofiles"]
  sideEffects: None
---
###
### Tap RBAC
###
---
kind: ClusterRole
apiVersion: rbac.authorization.k8s.io/v1
metadata:
  name: linkerd-linkerd-tap
  labels:
    linkerd.io/control-plane-component: tap
    linkerd.io/control-plane-ns: linkerd
rules:
- apiGroups: [""]
  resources: ["pods", "services", "replicationcontrollers", "namespaces"]
  verbs: ["list", "get", "watch"]
- apiGroups: ["extensions", "apps"]
  resources: ["daemonsets", "deployments", "replicasets", "statefulsets"]
  verbs: ["list", "get", "watch"]
- apiGroups: ["extensions", "batch"]
  resources: ["jobs"]
  verbs: ["list" , "get", "watch"]
---
kind: ClusterRole
apiVersion: rbac.authorization.k8s.io/v1
metadata:
  name: linkerd-linkerd-tap-admin
  labels:
    linkerd.io/control-plane-component: tap
    linkerd.io/control-plane-ns: linkerd
rules:
- apiGroups: ["tap.linkerd.io"]
  resources: ["*"]
  verbs: ["watch"]
---
kind: ClusterRoleBinding
apiVersion: rbac.authorization.k8s.io/v1
metadata:
  name: linkerd-linkerd-tap
  labels:
    linkerd.io/control-plane-component: tap
    linkerd.io/control-plane-ns: linkerd
roleRef:
  apiGroup: rbac.authorization.k8s.io
  kind: ClusterRole
  name: linkerd-linkerd-tap
subjects:
- kind: ServiceAccount
  name: linkerd-tap
  namespace: linkerd
---
apiVersion: rbac.authorization.k8s.io/v1
kind: ClusterRoleBinding
metadata:
  name: linkerd-linkerd-tap-auth-delegator
  labels:
    linkerd.io/control-plane-component: tap
    linkerd.io/control-plane-ns: linkerd
roleRef:
  apiGroup: rbac.authorization.k8s.io
  kind: ClusterRole
  name: system:auth-delegator
subjects:
- kind: ServiceAccount
  name: linkerd-tap
  namespace: linkerd
---
kind: ServiceAccount
apiVersion: v1
metadata:
  name: linkerd-tap
  namespace: linkerd
  labels:
    linkerd.io/control-plane-component: tap
    linkerd.io/control-plane-ns: linkerd
---
apiVersion: rbac.authorization.k8s.io/v1
kind: RoleBinding
metadata:
  name: linkerd-linkerd-tap-auth-reader
  namespace: kube-system
  labels:
    linkerd.io/control-plane-component: tap
    linkerd.io/control-plane-ns: linkerd
roleRef:
  apiGroup: rbac.authorization.k8s.io
  kind: Role
  name: extension-apiserver-authentication-reader
subjects:
- kind: ServiceAccount
  name: linkerd-tap
  namespace: linkerd
---
kind: Secret
apiVersion: v1
metadata:
  name: linkerd-tap-tls
  namespace: linkerd
  labels:
    linkerd.io/control-plane-component: tap
    linkerd.io/control-plane-ns: linkerd
  annotations:
    linkerd.io/created-by: linkerd/cli dev-undefined
type: Opaque
data:
  crt.pem: LS0tLS1CRUdJTiBDRVJUSUZJQ0FURS0tLS0tCk1JSURFRENDQWZpZ0F3SUJBZ0lRRlNhSmJjd0ZrMHNvclpsUENLUmhuakFOQmdrcWhraUc5dzBCQVFzRkFEQWkKTVNBd0hnWURWUVFERXhkc2FXNXJaWEprTFhSaGNDNXNhVzVyWlhKa0xuTjJZekFlRncweE9UQTRNRGN5TVRNMgpOREJhRncweU1EQTRNRFl5TVRNMk5EQmFNQ0l4SURBZUJnTlZCQU1URjJ4cGJtdGxjbVF0ZEdGd0xteHBibXRsCmNtUXVjM1pqTUlJQklqQU5CZ2txaGtpRzl3MEJBUUVGQUFPQ0FROEFNSUlCQ2dLQ0FRRUF1UTRhb3hLSWVnUncKZW5FWHY0QVBjWTc0SnNqNUJXSEhwMUJzY1d1Y24weEwrcEo5UnJDRXphOURXcklad2JTazhpNnlHYnpQWTZCaQpHdlIxK0NMRkZNR1VraERuS1lINk9hNzlvTXN3WGZEc1lmKzVFNU12WlZGay9XeW03ck5GWWhqWXNmengzdTY3CldWbFgyRTBGaHBrU1pMUGN6bHNCQzFzN0hxVzV4TnBYUmc2WDJqYlFWZ0xMdUNsL3FjZE05MzRsay81ODNtT3kKeVIwSkQvV3RMc3VxdVIrOWJZSjlVYXUrbGpqZUc3U1h0UVYrdkR5VDNscEZ2SFpraG5sSm53am9XN0RIN3dPNwplK0ZQc3FmOG9nQk8xUlBmUEhNakRZRERoVlJUTWRKVFpZK2VlcFc5VjVGbGJvRFZvOUtOMlhTSVRkbVJsWmF0CjJuRng3TU83YndJREFRQUJvMEl3UURBT0JnTlZIUThCQWY4RUJBTUNBcVF3SFFZRFZSMGxCQll3RkFZSUt3WUIKQlFVSEF3RUdDQ3NHQVFVRkJ3TUNNQThHQTFVZEV3RUIvd1FGTUFNQkFmOHdEUVlKS29aSWh2Y05BUUVMQlFBRApnZ0VCQUZNd3hXVnV1NFMzMi9LSVhsdURsR3dpQjh0YzFCTEVRQzUyY3hhNERodnBGNFkwZmRSOXRwMDN3S1VYClRlRWp6OUMyYzBFTW1EcVpheDVsQmxaaDBtWUFpNFowSUZkbXg4Q0FLYWowUVV1MEdQL1Jmd0taYWFuTjhBbEUKbCtRQjRLWG1ZNjRnOFZUUXR0VXhNL2FZdjkrU0FrMlcvbkZiZTFjUXpHbGFCSVh2WW9Da1N3TDFiTEpDV0N2WQowaEtteFhYdGpHZmpqZXJGTk9CTUdRZkJmQ0czZUJTZE45aS8rOEs3NS9FM21EV01iTGMwVHU2OEFsdWRxVUJRCmZsbngrNXlUaUtlaExhaW9BY0psTldrOVRCSEcySSswLy9tNTM4VGhYbnZ2ZC9uTXdTWitJbEZiVUpvbEo3Rk4KNXVUNG91Vm8xUU9BTlh3Nk5LWU1PT0VURXo0PQotLS0tLUVORCBDRVJUSUZJQ0FURS0tLS0t
  key.pem: LS0tLS1CRUdJTiBSU0EgUFJJVkFURSBLRVktLS0tLQpNSUlFb3dJQkFBS0NBUUVBdVE0YW94S0llZ1J3ZW5FWHY0QVBjWTc0SnNqNUJXSEhwMUJzY1d1Y24weEwrcEo5ClJyQ0V6YTlEV3JJWndiU2s4aTZ5R2J6UFk2QmlHdlIxK0NMRkZNR1VraERuS1lINk9hNzlvTXN3WGZEc1lmKzUKRTVNdlpWRmsvV3ltN3JORlloallzZnp4M3U2N1dWbFgyRTBGaHBrU1pMUGN6bHNCQzFzN0hxVzV4TnBYUmc2WAoyamJRVmdMTHVDbC9xY2RNOTM0bGsvNTgzbU95eVIwSkQvV3RMc3VxdVIrOWJZSjlVYXUrbGpqZUc3U1h0UVYrCnZEeVQzbHBGdkhaa2hubEpud2pvVzdESDd3TzdlK0ZQc3FmOG9nQk8xUlBmUEhNakRZRERoVlJUTWRKVFpZK2UKZXBXOVY1Rmxib0RWbzlLTjJYU0lUZG1SbFphdDJuRng3TU83YndJREFRQUJBb0lCQVFDdUtVNzZjS1BQS2tSdApoK2hReTRZOVdzL0RPTnZjcTlUS2E4OVR3M0tKSGJaWUlld1RUbWYrYUZkY2tVZmFYVmZyc2ZUZWNpdEEyUjNiCnZuMFVSaXp6UnVpN3UzckRQdGV2MkRoTlQwMjY2OWFjdUo2SGhMdFRnSklxVEVxalZrY1Rkc3ppWG11SVkyZ2gKUkF0L3Y2VldzdE56d1M4cmFzeUYwcHZHVVRTUHhVK29Vcm9BYm54TmRnMzRzbzBrR1lDRDJUbGk3ZmRvTWRuQQpRZWovUVp5aFFDTkorUWxJUGEyN2VkN3R5TWNVN3NpdXQ2aGVBRUJqT3AzVXJLS1BwUnc4VHhZNTltZ05oamt2CjVnT3FhZmV2U0ZPZS96TzNnNFpheXVoU3c5N1ZXR3NwZ0NvbmZETy8vNlZabG44cVlkdmQrNWdTTVBtanBKVlIKZCtRcE9BVmhBb0dCQU9VZmUyVkxXR1JlQVlidXhwdWt5OUFtRlkxSGN2eWN3SXlVZmphWEVUNDQvc0hXODdtMwo0MkVaK3BiYUd2ZE5VOVZtNytCblJ2WFBLVzlCaVNDT0dSSVppSDFWTnQ0d0ZMaTI1ZGNIamlZYitxbVNyUGpkCmI3MThHMTN3SU90L1ZsSDFOQW4zUU9qcmdMZm5udFgrUjlLMEtqVzRYbU4yVmpxUGd3MUZBSWdmQW9HQkFNN0QKUmExR29JSnduaHhuTXd0T08zVCtLUnVKc0Y1aUlYTW40Q1JhWUFwanN1cTUwYmdHQjV5MmdCazR6Y2ZOajVVbgpVQ0hXb2JFNFphcFhveHgvWXFkYkJRdTJaK2gxbnpCdTJJQTVoUEFJRmo1dTJ0SXI5d3FMczFLR1pTUjJScUM0Ck9nL2NFbnFEUUtHcStmUEtBeSs1NWRlbm1BYm8xM2FNOXhQZWZxS3hBb0dBR2JJOExwSVNxYjc1UU43S20yNFMKQlpnZjFxWnF1UFlEaWtDbEh3NDJPdG85aUJQSlpjeS96WVlTV3BTL2JYallyQmhOVXNlQ1o5TUIvSjVHK01XMgovaGFxL2hOdWdlQzJrampBOGlyQXdIbG0xVm5EMkcxTk9OMFFYS3F2cG5temZxR1hZbjYrWXVEMm9LbHpZT0NSCndZbS9LaU14UXNwa3hWQ1BEQS92RFZVQ2dZQUtUQzlzTWRoTXBzODVHdXF2NVhXUW5oZnVCeTJCaGVHa21wZlAKTjdFUTAyWlZ5bXRuZnVWaUtMUzRqTnV5MThvTzQ2WmFDUmFFZlFxVE1Vb3VZU25JcS8vVVZZRlhVb1JiSlNvagpPTG9tT2tEaFd5UUswNlc2SUxzTm9TUG9iUHVYaFpWZXROYzJ3dEsxT282NFZaZFRDUzhwVG0rRDZKVFNrcks3CmlwbEVBUUtCZ0VWb2hsNkpMNWhxcDc3dGg1RVp1VFpqUFZDUkJrU3VUeHZuY1pPUGZHemJjQUp2d05pYVZnblAKbVpnMXdKZDVMczZtbkV3QVJLOXhIRmpFbVpkdEpwSkIwY1ZhVzFvZFY4bWFQamFwRGFiNHJwR3NrL2tuRFZ5TAphWTl3M2FlakFiNlZhaVJ3bUZDZDlzOVhPYmFnQkJ4UU05bVBoTXh2WWdiQzdrSUZJUXVaCi0tLS0tRU5EIFJTQSBQUklWQVRFIEtFWS0tLS0t
---
apiVersion: apiregistration.k8s.io/v1
kind: APIService
metadata:
  name: v1alpha1.tap.linkerd.io
  labels:
    linkerd.io/control-plane-component: tap
    linkerd.io/control-plane-ns: linkerd
spec:
  group: tap.linkerd.io
  version: v1alpha1
  groupPriorityMinimum: 1000
  versionPriority: 100
  service:
    name: linkerd-tap
    namespace: linkerd
  caBundle: LS0tLS1CRUdJTiBDRVJUSUZJQ0FURS0tLS0tCk1JSURFRENDQWZpZ0F3SUJBZ0lRRlNhSmJjd0ZrMHNvclpsUENLUmhuakFOQmdrcWhraUc5dzBCQVFzRkFEQWkKTVNBd0hnWURWUVFERXhkc2FXNXJaWEprTFhSaGNDNXNhVzVyWlhKa0xuTjJZekFlRncweE9UQTRNRGN5TVRNMgpOREJhRncweU1EQTRNRFl5TVRNMk5EQmFNQ0l4SURBZUJnTlZCQU1URjJ4cGJtdGxjbVF0ZEdGd0xteHBibXRsCmNtUXVjM1pqTUlJQklqQU5CZ2txaGtpRzl3MEJBUUVGQUFPQ0FROEFNSUlCQ2dLQ0FRRUF1UTRhb3hLSWVnUncKZW5FWHY0QVBjWTc0SnNqNUJXSEhwMUJzY1d1Y24weEwrcEo5UnJDRXphOURXcklad2JTazhpNnlHYnpQWTZCaQpHdlIxK0NMRkZNR1VraERuS1lINk9hNzlvTXN3WGZEc1lmKzVFNU12WlZGay9XeW03ck5GWWhqWXNmengzdTY3CldWbFgyRTBGaHBrU1pMUGN6bHNCQzFzN0hxVzV4TnBYUmc2WDJqYlFWZ0xMdUNsL3FjZE05MzRsay81ODNtT3kKeVIwSkQvV3RMc3VxdVIrOWJZSjlVYXUrbGpqZUc3U1h0UVYrdkR5VDNscEZ2SFpraG5sSm53am9XN0RIN3dPNwplK0ZQc3FmOG9nQk8xUlBmUEhNakRZRERoVlJUTWRKVFpZK2VlcFc5VjVGbGJvRFZvOUtOMlhTSVRkbVJsWmF0CjJuRng3TU83YndJREFRQUJvMEl3UURBT0JnTlZIUThCQWY4RUJBTUNBcVF3SFFZRFZSMGxCQll3RkFZSUt3WUIKQlFVSEF3RUdDQ3NHQVFVRkJ3TUNNQThHQTFVZEV3RUIvd1FGTUFNQkFmOHdEUVlKS29aSWh2Y05BUUVMQlFBRApnZ0VCQUZNd3hXVnV1NFMzMi9LSVhsdURsR3dpQjh0YzFCTEVRQzUyY3hhNERodnBGNFkwZmRSOXRwMDN3S1VYClRlRWp6OUMyYzBFTW1EcVpheDVsQmxaaDBtWUFpNFowSUZkbXg4Q0FLYWowUVV1MEdQL1Jmd0taYWFuTjhBbEUKbCtRQjRLWG1ZNjRnOFZUUXR0VXhNL2FZdjkrU0FrMlcvbkZiZTFjUXpHbGFCSVh2WW9Da1N3TDFiTEpDV0N2WQowaEtteFhYdGpHZmpqZXJGTk9CTUdRZkJmQ0czZUJTZE45aS8rOEs3NS9FM21EV01iTGMwVHU2OEFsdWRxVUJRCmZsbngrNXlUaUtlaExhaW9BY0psTldrOVRCSEcySSswLy9tNTM4VGhYbnZ2ZC9uTXdTWitJbEZiVUpvbEo3Rk4KNXVUNG91Vm8xUU9BTlh3Nk5LWU1PT0VURXo0PQotLS0tLUVORCBDRVJUSUZJQ0FURS0tLS0t
---
###
### Control Plane PSP
###
---
apiVersion: policy/v1beta1
kind: PodSecurityPolicy
metadata:
  name: linkerd-linkerd-control-plane
  labels:
    linkerd.io/control-plane-ns: linkerd
spec:
  allowPrivilegeEscalation: false
  readOnlyRootFilesystem: true
  allowedCapabilities:
  - NET_ADMIN
  - NET_RAW
  requiredDropCapabilities:
  - ALL
  hostNetwork: false
  hostIPC: false
  hostPID: false
  seLinux:
    rule: RunAsAny
  runAsUser:
    rule: RunAsAny
  supplementalGroups:
    rule: MustRunAs
    ranges:
    - min: 1
      max: 65535
  fsGroup:
    rule: MustRunAs
    ranges:
    - min: 1
      max: 65535
  volumes:
  - configMap
  - emptyDir
  - secret
  - projected
  - downwardAPI
  - persistentVolumeClaim
---
apiVersion: rbac.authorization.k8s.io/v1
kind: Role
metadata:
  name: linkerd-psp
  namespace: linkerd
  labels:
    linkerd.io/control-plane-ns: linkerd
rules:
- apiGroups: ['policy', 'extensions']
  resources: ['podsecuritypolicies']
  verbs: ['use']
  resourceNames:
  - linkerd-linkerd-control-plane
---
apiVersion: rbac.authorization.k8s.io/v1
kind: RoleBinding
metadata:
  name: linkerd-psp
  namespace: linkerd
  labels:
    linkerd.io/control-plane-ns: linkerd
roleRef:
  kind: Role
  name: linkerd-psp
  apiGroup: rbac.authorization.k8s.io
subjects:
- kind: ServiceAccount
  name: linkerd-controller
  namespace: linkerd
- kind: ServiceAccount
  name: linkerd-destination
  namespace: linkerd
- kind: ServiceAccount
  name: linkerd-grafana
  namespace: linkerd
- kind: ServiceAccount
  name: linkerd-heartbeat
  namespace: linkerd
- kind: ServiceAccount
  name: linkerd-identity
  namespace: linkerd
- kind: ServiceAccount
  name: linkerd-prometheus
  namespace: linkerd
- kind: ServiceAccount
  name: linkerd-proxy-injector
  namespace: linkerd
- kind: ServiceAccount
  name: linkerd-sp-validator
  namespace: linkerd
- kind: ServiceAccount
  name: linkerd-tap
  namespace: linkerd
- kind: ServiceAccount
  name: linkerd-web
  namespace: linkerd
---
